[backblue.gif]
[fade.gif]
[index.html]
[phnursery.com/photos/homepage.jpg]
[phnursery.com/index.html]
[phnursery.com/background.jpg]
[phnursery.com/style.css]
[phnursery.com/photos/boxwoods/preview19.jpg]
[phnursery.com/photos/boxwoods/preview5.jpg]
[phnursery.com/photos/boxwoods/preview22.jpg]
[phnursery.com/photos/boxwoods/preview10.jpg]
[phnursery.com/photos/boxwoods/preview7.jpg]
[phnursery.com/photos/boxwoods/preview1.jpg]
[phnursery.com/photos/boxwoods/preview8.jpg]
[phnursery.com/photos/boxwoods/preview17.jpg]
[phnursery.com/photos/boxwoods/preview18.jpg]
[phnursery.com/photos/boxwoods/preview9.jpg]
[phnursery.com/photos/boxwoods/preview16.jpg]
[phnursery.com/photos/boxwoods/preview2.jpg]
[phnursery.com/photos/boxwoods/preview15.jpg]
[phnursery.com/photos/boxwoods/preview23.jpg]
[phnursery.com/plantlist.html]
[phnursery.com/plantlist10b0.html]
[phnursery.com/plantlist0dab.html]
[phnursery.com/plantlist513b.html]
[phnursery.com/plantlist728f.html]
[phnursery.com/photos/otherplants/1.jpg]
[phnursery.com/photos/otherplants/preview1.jpg]
[phnursery.com/photos/otherplants/2.jpg]
[phnursery.com/photos/otherplants/preview2.jpg]
[phnursery.com/photos/otherplants/3.jpg]
[phnursery.com/photos/otherplants/preview3.jpg]
[phnursery.com/photos/otherplants/4.jpg]
[phnursery.com/otherplants.html]
[phnursery.com/photos/otherplants/preview4.jpg]
[phnursery.com/photos/gardenclub/1.jpg]
[phnursery.com/photos/gardenclub/preview1.jpg]
[phnursery.com/photos/gardenclub/2.jpg]
[phnursery.com/photos/gardenclub/preview2.jpg]
[phnursery.com/photos/gardenclub/3.jpg]
[phnursery.com/gardenclub.html]
[phnursery.com/photos/gardenclub/preview3.jpg]
[phnursery.com/contact.html]
[phnursery.com/photos/boxwoods/19.jpg]
[phnursery.com/photos/boxwoods/20.jpg]
[phnursery.com/plant6903.html]
[phnursery.com/photos/boxwoods/preview20.jpg]
[phnursery.com/photos/boxwoods/5.jpg]
[phnursery.com/photos/boxwoods/3.jpg]
[phnursery.com/photos/boxwoods/preview3.jpg]
[phnursery.com/photos/boxwoods/4.jpg]
[phnursery.com/photos/boxwoods/preview4.jpg]
[phnursery.com/plantebde.html]
[phnursery.com/photos/boxwoods/22.jpg]
[phnursery.com/photos/boxwoods/21.jpg]
[phnursery.com/photos/boxwoods/preview21.jpg]
[phnursery.com/plant2e66.html]
[phnursery.com/photos/boxwoods/10.jpg]
[phnursery.com/photos/boxwoods/11.jpg]
[phnursery.com/photos/boxwoods/preview11.jpg]
[phnursery.com/photos/boxwoods/12.jpg]
[phnursery.com/photos/boxwoods/preview12.jpg]
[phnursery.com/photos/boxwoods/13.jpg]
[phnursery.com/photos/boxwoods/preview13.jpg]
[phnursery.com/photos/boxwoods/14.jpg]
[phnursery.com/photos/boxwoods/preview14.jpg]
[phnursery.com/plant0bb4.html]
[phnursery.com/photos/boxwoods/7.jpg]
[phnursery.com/photos/boxwoods/6.jpg]
[phnursery.com/photos/boxwoods/preview6.jpg]
[phnursery.com/photos/boxwoods/26.jpg]
[phnursery.com/photos/boxwoods/preview26.jpg]
[phnursery.com/plant72ff.html]
[phnursery.com/photos/boxwoods/1.jpg]
[phnursery.com/plantf3f3.html]
[phnursery.com/photos/boxwoods/8.jpg]
[phnursery.com/plant9b1c.html]
[phnursery.com/photos/boxwoods/17.jpg]
[phnursery.com/plant4e97.html]
[phnursery.com/photos/boxwoods/18.jpg]
[phnursery.com/plant77b7.html]
[phnursery.com/photos/boxwoods/9.jpg]
[phnursery.com/plant8949.html]
[phnursery.com/photos/boxwoods/16.jpg]
[phnursery.com/planta64d.html]
[phnursery.com/photos/boxwoods/2.jpg]
[phnursery.com/plant3f90.html]
[phnursery.com/photos/boxwoods/15.jpg]
[phnursery.com/plant97dd.html]
[phnursery.com/photos/boxwoods/23.jpg]
[phnursery.com/planta761.html]
[phnursery.com/phnursery.js]
[phnursery.com/contact6903.html]
[phnursery.com/contactebde.html]
[phnursery.com/contact2e66.html]
[phnursery.com/contact0bb4.html]
[phnursery.com/contact72ff.html]
[phnursery.com/contactf3f3.html]
[phnursery.com/contact9b1c.html]
[phnursery.com/contact4e97.html]
[phnursery.com/contact77b7.html]
[phnursery.com/contact8949.html]
[phnursery.com/contacta64d.html]
[phnursery.com/contact3f90.html]
[phnursery.com/photos/boxwoods/12.jpg]
[phnursery.com/contact97dd.html]
[phnursery.com/contacta761.html]
[phnursery.com/sery.html]
